// Jest Snapshot v1, https://goo.gl/fbAQLP

exports[`<CurrentWeather /> component Unit Test should render 1 <CurrentWeather /> component 1`] = `
<div>
  <section
    class="sc-gsnTZi fdzpQT"
  >
    <h2>
      18
      Â°
    </h2>
    <div
      class="location-current-weather"
    >
      <div
        class="location-column"
      >
        <h3>
          Leiria
        </h3>
        <p>
          Friday, April 22, 22
        </p>
      </div>
    </div>
    <div
      class="weather-column"
    >
      <span
        style="box-sizing: border-box; display: inline-block; overflow: hidden; background: none; opacity: 1; border: 0px; margin: 0px; padding: 0px; position: relative; max-width: 100%;"
      >
        <span
          style="box-sizing: border-box; display: block; background: none; opacity: 1; border: 0px; margin: 0px; padding: 0px; max-width: 100%;"
        >
          <img
            alt=""
            aria-hidden="true"
            src="data:image/svg+xml,%3csvg%20xmlns=%27http://www.w3.org/2000/svg%27%20version=%271.1%27%20width=%2740%27%20height=%2740%27/%3e"
            style="display: block; max-width: 100%; background: none; opacity: 1; border: 0px; margin: 0px; padding: 0px;"
          />
        </span>
        <img
          alt="Clouds"
          class="icon-image"
          data-nimg="intrinsic"
          decoding="async"
          src="data:image/gif;base64,R0lGODlhAQABAIAAAAAAAP///yH5BAEAAAAALAAAAAABAAEAAAIBRAA7"
          style="position: absolute; top: 0px; left: 0px; bottom: 0px; right: 0px; box-sizing: border-box; padding: 0px; margin: auto; display: block; width: 0px; height: 0px; min-width: 100%; max-width: 100%; min-height: 100%; max-height: 100%;"
        />
        <noscript />
      </span>
      <p>
        Clouds
      </p>
    </div>
  </section>
</div>
`;
