// Jest Snapshot v1, https://goo.gl/fbAQLP

exports[`Home renders homepage unchanged 1`] = `
<div>
  <main
    style="background-image: url();"
  >
    <h1
      class="sc-gsnTZi hGIKZL logo"
    >
      weather.app‚Å¢
    </h1>
  </main>
  <footer />
</div>
`;
