// Jest Snapshot v1, https://goo.gl/fbAQLP

exports[`the <FavouriteButton /> component should render favourite button correctly 1`] = `
.c0 {
  background: transparent;
  border: none;
  height: 1.5rem;
  width: 1.5rem;
  position: absolute;
  top: -0.5rem;
  right: -1.5rem;
}

.c0:focus,
.c0:focus-visible {
  outline: 0.01rem solid white;
}

.c0 svg {
  height: 1.5rem;
  width: 1.5rem !important;
  cursor: pointer;
}

.c0.favourite-btn svg {
  color: white;
}

.c0.unfavourite-btn svg {
  color: white;
}

<div>
  <button
    aria-label="Unfavourite Location"
    class="c0 unfavourite-btn"
    style="display: flex;"
    title="Unfavourite Location"
  >
    <svg
      aria-hidden="true"
      class="svg-inline--fa fa-heart "
      data-icon="heart"
      data-prefix="fas"
      focusable="false"
      role="img"
      viewBox="0 0 512 512"
      xmlns="http://www.w3.org/2000/svg"
    >
      <path
        d="M0 190.9V185.1C0 115.2 50.52 55.58 119.4 44.1C164.1 36.51 211.4 51.37 244 84.02L256 96L267.1 84.02C300.6 51.37 347 36.51 392.6 44.1C461.5 55.58 512 115.2 512 185.1V190.9C512 232.4 494.8 272.1 464.4 300.4L283.7 469.1C276.2 476.1 266.3 480 256 480C245.7 480 235.8 476.1 228.3 469.1L47.59 300.4C17.23 272.1 .0003 232.4 .0003 190.9L0 190.9z"
        fill="currentColor"
      />
    </svg>
  </button>
  <button
    aria-label="Favourite Location"
    class="c0 favourite-btn"
    style="display: none;"
    title="Favourite Location"
  >
    <svg
      aria-hidden="true"
      class="svg-inline--fa fa-heart "
      data-icon="heart"
      data-prefix="far"
      focusable="false"
      role="img"
      viewBox="0 0 512 512"
      xmlns="http://www.w3.org/2000/svg"
    >
      <path
        d="M244 84L255.1 96L267.1 84.02C300.6 51.37 347 36.51 392.6 44.1C461.5 55.58 512 115.2 512 185.1V190.9C512 232.4 494.8 272.1 464.4 300.4L283.7 469.1C276.2 476.1 266.3 480 256 480C245.7 480 235.8 476.1 228.3 469.1L47.59 300.4C17.23 272.1 0 232.4 0 190.9V185.1C0 115.2 50.52 55.58 119.4 44.1C164.1 36.51 211.4 51.37 244 84C243.1 84 244 84.01 244 84L244 84zM255.1 163.9L210.1 117.1C188.4 96.28 157.6 86.4 127.3 91.44C81.55 99.07 48 138.7 48 185.1V190.9C48 219.1 59.71 246.1 80.34 265.3L256 429.3L431.7 265.3C452.3 246.1 464 219.1 464 190.9V185.1C464 138.7 430.4 99.07 384.7 91.44C354.4 86.4 323.6 96.28 301.9 117.1L255.1 163.9z"
        fill="currentColor"
      />
    </svg>
  </button>
</div>
`;

exports[`the <FavouriteButton /> component should render unfavourite button correctly 1`] = `
.c0 {
  background: transparent;
  border: none;
  height: 1.5rem;
  width: 1.5rem;
  position: absolute;
  top: -0.5rem;
  right: -1.5rem;
}

.c0:focus,
.c0:focus-visible {
  outline: 0.01rem solid white;
}

.c0 svg {
  height: 1.5rem;
  width: 1.5rem !important;
  cursor: pointer;
}

.c0.favourite-btn svg {
  color: white;
}

.c0.unfavourite-btn svg {
  color: white;
}

<div>
  <button
    aria-label="Unfavourite Location"
    class="c0 unfavourite-btn"
    style="display: none;"
    title="Unfavourite Location"
  >
    <svg
      aria-hidden="true"
      class="svg-inline--fa fa-heart "
      data-icon="heart"
      data-prefix="fas"
      focusable="false"
      role="img"
      viewBox="0 0 512 512"
      xmlns="http://www.w3.org/2000/svg"
    >
      <path
        d="M0 190.9V185.1C0 115.2 50.52 55.58 119.4 44.1C164.1 36.51 211.4 51.37 244 84.02L256 96L267.1 84.02C300.6 51.37 347 36.51 392.6 44.1C461.5 55.58 512 115.2 512 185.1V190.9C512 232.4 494.8 272.1 464.4 300.4L283.7 469.1C276.2 476.1 266.3 480 256 480C245.7 480 235.8 476.1 228.3 469.1L47.59 300.4C17.23 272.1 .0003 232.4 .0003 190.9L0 190.9z"
        fill="currentColor"
      />
    </svg>
  </button>
  <button
    aria-label="Favourite Location"
    class="c0 favourite-btn"
    style="display: flex;"
    title="Favourite Location"
  >
    <svg
      aria-hidden="true"
      class="svg-inline--fa fa-heart "
      data-icon="heart"
      data-prefix="far"
      focusable="false"
      role="img"
      viewBox="0 0 512 512"
      xmlns="http://www.w3.org/2000/svg"
    >
      <path
        d="M244 84L255.1 96L267.1 84.02C300.6 51.37 347 36.51 392.6 44.1C461.5 55.58 512 115.2 512 185.1V190.9C512 232.4 494.8 272.1 464.4 300.4L283.7 469.1C276.2 476.1 266.3 480 256 480C245.7 480 235.8 476.1 228.3 469.1L47.59 300.4C17.23 272.1 0 232.4 0 190.9V185.1C0 115.2 50.52 55.58 119.4 44.1C164.1 36.51 211.4 51.37 244 84C243.1 84 244 84.01 244 84L244 84zM255.1 163.9L210.1 117.1C188.4 96.28 157.6 86.4 127.3 91.44C81.55 99.07 48 138.7 48 185.1V190.9C48 219.1 59.71 246.1 80.34 265.3L256 429.3L431.7 265.3C452.3 246.1 464 219.1 464 190.9V185.1C464 138.7 430.4 99.07 384.7 91.44C354.4 86.4 323.6 96.28 301.9 117.1L255.1 163.9z"
        fill="currentColor"
      />
    </svg>
  </button>
</div>
`;
